main/main(){
 RTE/init(){
  RTE.SecondProvider/init(){
   SecondProvider/init(){
    e.platform.u8/set_u8( dest = uint8@4053, v = 133){
     microchip.pic18/MOVLW( k = 133){
      0: 111010000101
     }
     microchip.pic18.assisted/aMOVWF( f = 4053){
      microchip.pic18.assisted/assistSelectBank( f = 4053){
      }
      microchip.pic18/MOVWF( a = {}0, f = 4053){
       1: 110111011010101
      }
     }
    }
    microchip.pic18.assisted/aBCF( f = 4082, b = 2){
     microchip.pic18.assisted/assistSelectBank( f = 4082){
     }
     microchip.pic18/BCF( a = {}0, b = 2, f = 4082){
      2: 1001010011110010
     }
    }
    microchip.pic18.assisted/aBCF( f = 4082, b = 5){
     microchip.pic18.assisted/assistSelectBank( f = 4082){
     }
     microchip.pic18/BCF( a = {}0, b = 5, f = 4082){
      3: 1001101011110010
     }
    }
   }
  }
  RTE.Communicator/init(){
   Communicator/init(){
    pic18f14k50.eusart/RS232_init(){
     microchip.pic18.assisted/aBSF( f = 3987, b = 5){
      microchip.pic18.assisted/assistSelectBank( f = 3987){
      }
      microchip.pic18/BSF( a = {}0, b = 5, f = 3987){
       4: 1000101010010011
      }
     }
     microchip.pic18.assisted/aBSF( f = 3987, b = 7){
      microchip.pic18.assisted/assistSelectBank( f = 3987){
      }
      microchip.pic18/BSF( a = {}0, b = 7, f = 3987){
       5: 1000111010010011
      }
     }
     microchip.pic18.assisted/aBSF( f = 4012, b = 2){
      microchip.pic18.assisted/assistSelectBank( f = 4012){
      }
      microchip.pic18/BSF( a = {}0, b = 2, f = 4012){
       6: 1000010010101100
      }
     }
     microchip.pic18/MOVLW( k = 25){
      7: 111000011001
     }
     microchip.pic18.assisted/aMOVWF( f = 4015){
      microchip.pic18.assisted/assistSelectBank( f = 4015){
      }
      microchip.pic18/MOVWF( a = {}0, f = 4015){
       8: 110111010101111
      }
     }
     microchip.pic18.assisted/aCLRF( f = 4016){
      microchip.pic18.assisted/assistSelectBank( f = 4016){
      }
      microchip.pic18/CLRF( a = {}0, f = 4016){
       9: 110101010110000
      }
     }
     microchip.pic18.assisted/aBSF( f = 4012, b = 5){
      microchip.pic18.assisted/assistSelectBank( f = 4012){
      }
      microchip.pic18/BSF( a = {}0, b = 5, f = 4012){
       10: 1000101010101100
      }
     }
     microchip.pic18.assisted/aBSF( f = 4011, b = 4){
      microchip.pic18.assisted/assistSelectBank( f = 4011){
      }
      microchip.pic18/BSF( a = {}0, b = 4, f = 4011){
       11: 1000100010101011
      }
     }
     microchip.pic18.assisted/aBCF( f = 4012, b = 4){
      microchip.pic18.assisted/assistSelectBank( f = 4012){
      }
      microchip.pic18/BCF( a = {}0, b = 4, f = 4012){
       12: 1001100010101100
      }
     }
     microchip.pic18.assisted/aBSF( f = 4011, b = 7){
      microchip.pic18.assisted/assistSelectBank( f = 4011){
      }
      microchip.pic18/BSF( a = {}0, b = 7, f = 4011){
       13: 1000111010101011
      }
     }
    }
    e.platform.u8/set_u8( dest = uint8@0, v = 0){
     microchip.pic18.assisted/aCLRF( f = 0){
      microchip.pic18.assisted/assistSelectBank( f = 0){
      }
      microchip.pic18/CLRF( a = {}0, f = 0){
       14: 110101000000000
      }
     }
    }
   }
  }
  RTE.ProtocolHandler/init(){
   ProtocolHandler/init(){
    e.platform.u8/set_u8( dest = uint8@1, v = 0){
     microchip.pic18.assisted/aCLRF( f = 1){
      microchip.pic18.assisted/assistSelectBank( f = 1){
      }
      microchip.pic18/CLRF( a = {}0, f = 1){
       15: 110101000000001
      }
     }
    }
   }
  }
 }
 label start
 RTE/run(){
  RTE.Communicator/refresh(){
   Communicator/refresh(){
    e.platform.u8/set_u8( dest = uint8@3, v = 0){
     microchip.pic18.assisted/aCLRF( f = 3){
      microchip.pic18.assisted/assistSelectBank( f = 3){
      }
      microchip.pic18/CLRF( a = {}0, f = 3){
       16: 110101000000011
      }
     }
    }
    pic18f14k50.eusart/RS232_rcv( counter = uint8@3, rcv = uint8@2){
     microchip.pic18.assisted/aBTFSS( b = 5, f = 3998){
      microchip.pic18.assisted/assistSelectBank( f = 3998){
      }
      microchip.pic18/BTFSS( f = 3998, b = 5, a = {}0){
       17: 1010101010011110
      }
     }
     microchip.pic18/GOTO( c = label(23)){
      18: 1110111100010111
      19: 1111000000000000
     }
     microchip.pic18/MOVFF( d = 2, s = 4014){
      20: 1100111110101110
      21: 1111000000000010
     }
     microchip.pic18.assisted/aINCF( f = 3, d = 1){
      microchip.pic18.assisted/assistSelectBank( f = 3){
      }
      microchip.pic18/INCF( d = 1, a = {}0, f = 3){
       22: 10101000000011
      }
     }
     label norcv
    }
    e.platform.u8/branch_u8( condition = uint8@3, false = Code(48), true = Code(29)){
     microchip.pic18.assisted/aMOVF( f = 3, d = 1){
      microchip.pic18.assisted/assistSelectBank( f = 3){
      }
      microchip.pic18/MOVF( d = 1, a = {}0, f = 3){
       23: 101001000000011
      }
     }
     microchip.pic18/BZ( n = 2){
      24: 1110000000000010
     }
     microchip.pic18/GOTO( c = Code(29)){
      25: 1110111100011101
      26: 1111000000000000
     }
     microchip.pic18/GOTO( c = Code(48)){
      27: 1110111100110000
      28: 1111000000000000
     }
    }
    label Code(29)
    RTE.Communicator/dataReceived( d = uint8@2){
     RTE/Communicator_dataReceived( rcv = uint8@2){
      RTE.ProtocolHandler/dataReceived( rcv = uint8@2){
       ProtocolHandler/dataReceived( rcv = uint8@2){
        e.platform.u8/isequal_u8( d = uint8@1, dest = uint8@4){
         microchip.pic18.assisted/aMOVF( f = 1, d = 0){
          microchip.pic18.assisted/assistSelectBank( f = 1){
          }
          microchip.pic18/MOVF( d = 0, a = {}0, f = 1){
           29: 101000000000001
          }
         }
         microchip.pic18.assisted/aCPFSEQ( f = 4){
          microchip.pic18.assisted/assistSelectBank( f = 4){
          }
          microchip.pic18/CPFSEQ( a = {}0, f = 4){
           30: 110001000000100
          }
         }
         microchip.pic18/GOTO( c = label(37)){
          31: 1110111100100101
          32: 1111000000000000
         }
         e.platform.u8/set_u8( dest = uint8@4, v = 1){
          microchip.pic18/MOVLW( k = 1){
           33: 111000000001
          }
          microchip.pic18.assisted/aMOVWF( f = 4){
           microchip.pic18.assisted/assistSelectBank( f = 4){
           }
           microchip.pic18/MOVWF( a = {}0, f = 4){
            34: 110111000000100
           }
          }
         }
         microchip.pic18/GOTO( c = label(40)){
          35: 1110111100101000
          36: 1111000000000000
         }
         label notequal
         e.platform.u8/set_u8( dest = uint8@4, v = 0){
          microchip.pic18.assisted/aCLRF( f = 4){
           microchip.pic18.assisted/assistSelectBank( f = 4){
           }
           microchip.pic18/CLRF( a = {}0, f = 4){
            37: 110101000000100
           }
          }
         }
         microchip.pic18/GOTO( c = label(40)){
          38: 1110111100101000
          39: 1111000000000000
         }
         label end
        }
        e.platform.u8/branch_u8( condition = uint8@4, false = Code(48), true = Code(46)){
         microchip.pic18.assisted/aMOVF( f = 4, d = 1){
          microchip.pic18.assisted/assistSelectBank( f = 4){
          }
          microchip.pic18/MOVF( d = 1, a = {}0, f = 4){
           40: 101001000000100
          }
         }
         microchip.pic18/BZ( n = 2){
          41: 1110000000000010
         }
         microchip.pic18/GOTO( c = Code(46)){
          42: 1110111100101110
          43: 1111000000000000
         }
         microchip.pic18/GOTO( c = Code(48)){
          44: 1110111100110000
          45: 1111000000000000
         }
        }
        label Code(46)
        e.platform.u8/set_u8( dest = uint8@1, v = uint8@2){
         microchip.pic18/MOVFF( d = 2, s = 1){
          46: 1100000000000001
          47: 1111000000000010
         }
        }
        label Code(48)
       }
      }
     }
    }
    label Code(48)
   }
  }
  RTE.SecondProvider/refresh(){
   SecondProvider/refresh(){
    microchip.pic18.assisted/aBTFSS( b = 2, f = 4082){
     microchip.pic18.assisted/assistSelectBank( f = 4082){
     }
     microchip.pic18/BTFSS( f = 4082, b = 2, a = {}0){
      48: 1010010011110010
     }
    }
    microchip.pic18/GOTO( c = label(56)){
     49: 1110111100111000
     50: 1111000000000000
    }
    microchip.pic18.assisted/aBCF( f = 4082, b = 2){
     microchip.pic18.assisted/assistSelectBank( f = 4082){
     }
     microchip.pic18/BCF( a = {}0, b = 2, f = 4082){
      51: 1001010011110010
     }
    }
    e.platform.u8/set_u8( dest = uint8@4055, v = 194){
     microchip.pic18/MOVLW( k = 194){
      52: 111011000010
     }
     microchip.pic18.assisted/aMOVWF( f = 4055){
      microchip.pic18.assisted/assistSelectBank( f = 4055){
      }
      microchip.pic18/MOVWF( a = {}0, f = 4055){
       53: 110111011010111
      }
     }
    }
    e.platform.u8/set_u8( dest = uint8@4054, v = 246){
     microchip.pic18/MOVLW( k = 246){
      54: 111011110110
     }
     microchip.pic18.assisted/aMOVWF( f = 4054){
      microchip.pic18.assisted/assistSelectBank( f = 4054){
      }
      microchip.pic18/MOVWF( a = {}0, f = 4054){
       55: 110111011010110
      }
     }
    }
    RTE.SecondProvider/secondElapsed(){
     RTE/SecondProvider_secondElapsed(){
      RTE.Clock/secondElapsed(){
       Clock/secondElapsed(){
        ERROR: Variable cannot be accessed here: hu.e.parser.eSyntax.impl.VariableImpl@182a29e (name: currentTime)
        RTE.Types/Time_increment(){
         ERROR:  Struct type needed!
         ERROR:  Struct type needed!
        }
        ERROR: Variable cannot be accessed here: hu.e.parser.eSyntax.impl.VariableImpl@182a29e (name: currentTime)
        RTE.Clock/timeChanged(){
         ERROR: Variable cannot be accessed here: hu.e.parser.eSyntax.impl.VariableImpl@3317f2 (name: time)
         RTE/Clock_timeChanged(){
          ERROR: Variable cannot be accessed here: hu.e.parser.eSyntax.impl.VariableImpl@1072807 (name: time)
          RTE.Communicator/timeChanged(){
           ERROR: Variable cannot be accessed here: hu.e.parser.eSyntax.impl.VariableImpl@1c183dc (name: time)
           Communicator/timeChanged(){
            ERROR: Cannot found EQUALS operator!
           }
          }
         }
        }
       }
      }
     }
    }
    label end
   }
  }
 }
 microchip.pic18/GOTO( c = label(16)){
  56: 1110111100010000
  57: 1111000000000000
 }
}
